// Jest Snapshot v1, https://goo.gl/fbAQLP

exports[`<FormInput /> Initalizing <FormInput /> renders an input element 1`] = `
ShallowWrapper {
  "length": 1,
  Symbol(enzyme.__root__): [Circular],
  Symbol(enzyme.__unrendered__): <FormInput />,
  Symbol(enzyme.__renderer__): Object {
    "batchedUpdates": [Function],
    "getNode": [Function],
    "render": [Function],
    "simulateEvent": [Function],
    "unmount": [Function],
  },
  Symbol(enzyme.__node__): Object {
    "instance": null,
    "key": undefined,
    "nodeType": "host",
    "props": Object {
      "children": Array [
        <div>
          <Input
                    className=""
                    id="input"
                    onChange={[Function]}
                    type="text"
                    value=""
          />
</div>,
        <div>
          <Input
                    className=""
                    id="email"
                    onChange={[Function]}
                    type="text"
                    value={undefined}
          />
</div>,
      ],
    },
    "ref": null,
    "rendered": Array [
      Object {
        "instance": null,
        "key": undefined,
        "nodeType": "host",
        "props": Object {
          "children": Array [
            <Input
              className=""
              id="input"
              onChange={[Function]}
              type="text"
              value=""
/>,
            undefined,
          ],
        },
        "ref": null,
        "rendered": Array [
          Object {
            "instance": null,
            "key": undefined,
            "nodeType": "class",
            "props": Object {
              "className": "",
              "id": "input",
              "onChange": [Function],
              "type": "text",
              "value": "",
            },
            "ref": null,
            "rendered": null,
            "type": [Function],
          },
          undefined,
        ],
        "type": "div",
      },
      Object {
        "instance": null,
        "key": undefined,
        "nodeType": "host",
        "props": Object {
          "children": Array [
            <Input
              className=""
              id="email"
              onChange={[Function]}
              type="text"
              value={undefined}
/>,
            undefined,
          ],
        },
        "ref": null,
        "rendered": Array [
          Object {
            "instance": null,
            "key": undefined,
            "nodeType": "class",
            "props": Object {
              "className": "",
              "id": "email",
              "onChange": [Function],
              "type": "text",
              "value": undefined,
            },
            "ref": null,
            "rendered": null,
            "type": [Function],
          },
          undefined,
        ],
        "type": "div",
      },
    ],
    "type": "section",
  },
  Symbol(enzyme.__nodes__): Array [
    Object {
      "instance": null,
      "key": undefined,
      "nodeType": "host",
      "props": Object {
        "children": Array [
          <div>
            <Input
                        className=""
                        id="input"
                        onChange={[Function]}
                        type="text"
                        value=""
            />
</div>,
          <div>
            <Input
                        className=""
                        id="email"
                        onChange={[Function]}
                        type="text"
                        value={undefined}
            />
</div>,
        ],
      },
      "ref": null,
      "rendered": Array [
        Object {
          "instance": null,
          "key": undefined,
          "nodeType": "host",
          "props": Object {
            "children": Array [
              <Input
                className=""
                id="input"
                onChange={[Function]}
                type="text"
                value=""
/>,
              undefined,
            ],
          },
          "ref": null,
          "rendered": Array [
            Object {
              "instance": null,
              "key": undefined,
              "nodeType": "class",
              "props": Object {
                "className": "",
                "id": "input",
                "onChange": [Function],
                "type": "text",
                "value": "",
              },
              "ref": null,
              "rendered": null,
              "type": [Function],
            },
            undefined,
          ],
          "type": "div",
        },
        Object {
          "instance": null,
          "key": undefined,
          "nodeType": "host",
          "props": Object {
            "children": Array [
              <Input
                className=""
                id="email"
                onChange={[Function]}
                type="text"
                value={undefined}
/>,
              undefined,
            ],
          },
          "ref": null,
          "rendered": Array [
            Object {
              "instance": null,
              "key": undefined,
              "nodeType": "class",
              "props": Object {
                "className": "",
                "id": "email",
                "onChange": [Function],
                "type": "text",
                "value": undefined,
              },
              "ref": null,
              "rendered": null,
              "type": [Function],
            },
            undefined,
          ],
          "type": "div",
        },
      ],
      "type": "section",
    },
  ],
  Symbol(enzyme.__options__): Object {
    "adapter": ReactSixteenAdapter {
      "options": Object {
        "enableComponentDidUpdateOnSetState": true,
      },
    },
  },
}
`;
